// Jest Snapshot v1, https://goo.gl/fbAQLP

exports[`AnchorOrLink renders correctly 1`] = `
<a
  href="ddddddddddddddddddddddddddddddddddddd"
/>
`;
